src/app/home-v2/page.tsx(400,19): error TS17008: JSX element 'span' has no corresponding closing tag.
src/app/home-v2/page.tsx(470,90): error TS1003: Identifier expected.
src/app/home-v2/page.tsx(470,100): error TS1381: Unexpected token. Did you mean `{'}'}` or `&rbrace;`?
src/app/home-v2/page.tsx(544,6): error TS17008: JSX element 'span' has no corresponding closing tag.
src/app/home-v2/page.tsx(584,6): error TS17008: JSX element 'span' has no corresponding closing tag.
src/app/home-v2/page.tsx(686,16): error TS1003: Identifier expected.
src/app/home-v2/page.tsx(686,24): error TS1381: Unexpected token. Did you mean `{'}'}` or `&rbrace;`?
